// Jest Snapshot v1, https://goo.gl/fbAQLP

exports[`Balance renders correctly 1`] = `ShallowWrapper {}`;
